d:\xyz c++ for gamedevelopment\rogalique_hw15_v1\x64\debug\engine.pch
d:\xyz c++ for gamedevelopment\rogalique_hw15_v1\xyzroguelike\x64\debug\engine.pdb
d:\xyz c++ for gamedevelopment\rogalique_hw15_v1\xyzroguelike\x64\debug\engine.idb
d:\xyz c++ for gamedevelopment\rogalique_hw15_v1\x64\debug\pch.obj
d:\xyz c++ for gamedevelopment\rogalique_hw15_v1\x64\debug\statscomponent.obj
d:\xyz c++ for gamedevelopment\rogalique_hw15_v1\x64\debug\spriterenderercomponent.obj
d:\xyz c++ for gamedevelopment\rogalique_hw15_v1\x64\debug\spritecollidercomponent.obj
d:\xyz c++ for gamedevelopment\rogalique_hw15_v1\x64\debug\rigidbodycomponent.obj
d:\xyz c++ for gamedevelopment\rogalique_hw15_v1\x64\debug\resourcesystem.obj
d:\xyz c++ for gamedevelopment\rogalique_hw15_v1\x64\debug\rendersystem.obj
d:\xyz c++ for gamedevelopment\rogalique_hw15_v1\x64\debug\physicssystem.obj
d:\xyz c++ for gamedevelopment\rogalique_hw15_v1\x64\debug\movementcomponent.obj
d:\xyz c++ for gamedevelopment\rogalique_hw15_v1\x64\debug\matrix2d.obj
d:\xyz c++ for gamedevelopment\rogalique_hw15_v1\x64\debug\inputcomponent.obj
d:\xyz c++ for gamedevelopment\rogalique_hw15_v1\x64\debug\gameworld.obj
d:\xyz c++ for gamedevelopment\rogalique_hw15_v1\x64\debug\gameobject.obj
d:\xyz c++ for gamedevelopment\rogalique_hw15_v1\x64\debug\followcomponent.obj
d:\xyz c++ for gamedevelopment\rogalique_hw15_v1\x64\debug\engine.obj
d:\xyz c++ for gamedevelopment\rogalique_hw15_v1\x64\debug\component.obj
d:\xyz c++ for gamedevelopment\rogalique_hw15_v1\x64\debug\collision.obj
d:\xyz c++ for gamedevelopment\rogalique_hw15_v1\x64\debug\collidercomponent.obj
d:\xyz c++ for gamedevelopment\rogalique_hw15_v1\x64\debug\cameracomponent.obj
d:\xyz c++ for gamedevelopment\rogalique_hw15_v1\x64\debug\audiocomponent.obj
d:\xyz c++ for gamedevelopment\rogalique_hw15_v1\x64\debug\attackcomponen.obj
d:\xyz c++ for gamedevelopment\rogalique_hw15_v1\x64\debug\dllmain.obj
d:\xyz c++ for gamedevelopment\rogalique_hw15_v1\x64\debug\trigger.obj
d:\xyz c++ for gamedevelopment\rogalique_hw15_v1\x64\debug\transformcomponent.obj
d:\xyz c++ for gamedevelopment\rogalique_hw14_v1\xyzroguelike\x64\debug\engine.lib
d:\xyz c++ for gamedevelopment\rogalique\xyzroguelike\x64\debug\engine.lib
d:\xyz c++ for gamedevelopment\rogalique_hw15_v1\xyzroguelike\x64\debug\engine.lib
d:\xyz c++ for gamedevelopment\rogalique_hw14_v1\x64\debug\engine.res
d:\xyz c++ for gamedevelopment\rogalique_hw15_v1\x64\debug\engine.res
d:\xyz c++ for gamedevelopment\rogalique\x64\debug\engine.res
d:\xyz c++ for gamedevelopment\rogalique_hw15_v1\x64\debug\enginetest.ilk
d:\xyz c++ for gamedevelopment\rogalique_hw15_v1\x64\debug\enginetest.pdb
d:\xyz c++ for gamedevelopment\rogalique_hw15_v1\x64\debug\gtest.pdb
d:\xyz c++ for gamedevelopment\rogalique_hw15_v1\x64\debug\gtest_main.pdb
d:\xyz c++ for gamedevelopment\rogalique_hw15_v1\x64\debug\engine.vcxproj.filelistabsolute.txt
d:\xyz c++ for gamedevelopment\rogalique_hw15_v1\x64\debug\engine.tlog\cl.command.1.tlog
d:\xyz c++ for gamedevelopment\rogalique_hw15_v1\x64\debug\engine.tlog\cl.items.tlog
d:\xyz c++ for gamedevelopment\rogalique_hw15_v1\x64\debug\engine.tlog\cl.read.1.tlog
d:\xyz c++ for gamedevelopment\rogalique_hw15_v1\x64\debug\engine.tlog\cl.write.1.tlog
d:\xyz c++ for gamedevelopment\rogalique_hw15_v1\x64\debug\engine.tlog\lib-link-cvtres.read.1.tlog
d:\xyz c++ for gamedevelopment\rogalique_hw15_v1\x64\debug\engine.tlog\lib-link-cvtres.write.1.tlog
d:\xyz c++ for gamedevelopment\rogalique_hw15_v1\x64\debug\engine.tlog\lib.command.1.tlog
d:\xyz c++ for gamedevelopment\rogalique_hw15_v1\x64\debug\engine.tlog\rc.command.1.tlog
d:\xyz c++ for gamedevelopment\rogalique_hw15_v1\x64\debug\engine.tlog\rc.read.1.tlog
d:\xyz c++ for gamedevelopment\rogalique_hw15_v1\x64\debug\engine.tlog\rc.write.1.tlog
