d:\xyz c++ for gamedevelopment\rogalique_check\xyzroguelike\x64\debug\vc143.pdb
d:\xyz c++ for gamedevelopment\rogalique_check\xyzroguelike\x64\debug\vc143.idb
d:\xyz c++ for gamedevelopment\rogalique_check\xyzroguelike\x64\debug\text.obj
d:\xyz c++ for gamedevelopment\rogalique_check\xyzroguelike\x64\debug\menu.obj
d:\xyz c++ for gamedevelopment\rogalique_check\xyzroguelike\x64\debug\gamestaterecords.obj
d:\xyz c++ for gamedevelopment\rogalique_check\xyzroguelike\x64\debug\gamestateplaying.obj
d:\xyz c++ for gamedevelopment\rogalique_check\xyzroguelike\x64\debug\gamestatemainmenu.obj
d:\xyz c++ for gamedevelopment\rogalique_check\xyzroguelike\x64\debug\gamestategameover.obj
d:\xyz c++ for gamedevelopment\rogalique_check\xyzroguelike\x64\debug\gamestatepausemenu.obj
d:\xyz c++ for gamedevelopment\rogalique_check\xyzroguelike\x64\debug\gamemain.obj
d:\xyz c++ for gamedevelopment\rogalique_check\xyzroguelike\x64\debug\game.obj
d:\xyz c++ for gamedevelopment\rogalique_check\xyzroguelike\x64\debug\sprite.obj
d:\xyz c++ for gamedevelopment\rogalique_check\xyzroguelike\x64\debug\player.obj
d:\xyz c++ for gamedevelopment\rogalique_check\xyzroguelike\x64\debug\music.obj
d:\xyz c++ for gamedevelopment\rogalique_check\xyzroguelike\x64\debug\levelloader.obj
d:\xyz c++ for gamedevelopment\rogalique_check\xyzroguelike\x64\debug\gamestategamewin.obj
d:\xyz c++ for gamedevelopment\rogalique_check\xyzroguelike\x64\debug\gamestatedata.obj
d:\xyz c++ for gamedevelopment\rogalique_check\xyzroguelike\x64\debug\gamestate.obj
d:\xyz c++ for gamedevelopment\rogalique_check\xyzroguelike\x64\debug\floor.obj
d:\xyz c++ for gamedevelopment\rogalique_check\xyzroguelike\x64\debug\developerlevel.obj
d:\xyz c++ for gamedevelopment\rogalique_check\xyzroguelike\x64\debug\application.obj
d:\xyz c++ for gamedevelopment\rogalique_check\xyzroguelike\x64\debug\ai.obj
d:\xyz c++ for gamedevelopment\rogalique_check\xyzroguelike\x64\debug\wall.obj
d:\xyz c++ for gamedevelopment\rogalique_check\xyzroguelike\x64\debug\engine.idb
d:\xyz c++ for gamedevelopment\rogalique_check\xyzroguelike\x64\debug\engine.pdb
d:\xyz c++ for gamedevelopment\rogalique_check\xyzroguelike\x64\debug\xyzroguelike.pdb
d:\xyz c++ for gamedevelopment\rogalique_check\xyzroguelike\\x64\debug\xyzroguelike.pdb
d:\xyz c++ for gamedevelopment\rogalique_check\xyzroguelike\\x64\debug\xyzroguelike.vcxproj.filelistabsolute.txt
d:\xyz c++ for gamedevelopment\rogalique_check\xyzroguelike\x64\debug\xyzroguelike.tlog\cl.command.1.tlog
d:\xyz c++ for gamedevelopment\rogalique_check\xyzroguelike\x64\debug\xyzroguelike.tlog\cl.read.1.tlog
d:\xyz c++ for gamedevelopment\rogalique_check\xyzroguelike\x64\debug\xyzroguelike.tlog\cl.write.1.tlog
d:\xyz c++ for gamedevelopment\rogalique_check\xyzroguelike\x64\debug\xyzroguelike.tlog\link-cvtres.read.1.tlog
d:\xyz c++ for gamedevelopment\rogalique_check\xyzroguelike\x64\debug\xyzroguelike.tlog\link-cvtres.write.1.tlog
d:\xyz c++ for gamedevelopment\rogalique_check\xyzroguelike\x64\debug\xyzroguelike.tlog\link-rc.read.1.tlog
d:\xyz c++ for gamedevelopment\rogalique_check\xyzroguelike\x64\debug\xyzroguelike.tlog\link-rc.write.1.tlog
d:\xyz c++ for gamedevelopment\rogalique_check\xyzroguelike\x64\debug\xyzroguelike.tlog\link.command.1.tlog
d:\xyz c++ for gamedevelopment\rogalique_check\xyzroguelike\x64\debug\xyzroguelike.tlog\link.read.1.tlog
d:\xyz c++ for gamedevelopment\rogalique_check\xyzroguelike\x64\debug\xyzroguelike.tlog\link.read.2.tlog
d:\xyz c++ for gamedevelopment\rogalique_check\xyzroguelike\x64\debug\xyzroguelike.tlog\link.write.1.tlog
